#0 building with "default" instance using docker driver

#1 [internal] load build definition from build-guest.Dockerfile
#1 transferring dockerfile: 3.13kB 0.0s done
#1 DONE 0.1s

#2 [internal] load metadata for docker.io/risczero/risc0-guest-builder:r0.1.88.0
#2 DONE 0.1s

#3 [internal] load .dockerignore
#3 transferring context:
#3 transferring context: 2B done
#3 DONE 0.2s

#4 [internal] load build context
#4 DONE 0.0s

#5 [build 1/4] FROM docker.io/risczero/risc0-guest-builder:r0.1.88.0@sha256:3e12f71bacd27527a61dea96fa0e53e468c99aa261d3a1019b593f6dbd943eb3
#5 resolve docker.io/risczero/risc0-guest-builder:r0.1.88.0@sha256:3e12f71bacd27527a61dea96fa0e53e468c99aa261d3a1019b593f6dbd943eb3 0.1s done
#5 DONE 0.1s

#4 [internal] load build context
#4 transferring context: 641.32MB 4.9s
#4 transferring context: 663.59MB 6.2s done
#4 DONE 10.4s

#6 [build 2/4] WORKDIR /src
#6 CACHED

#7 [build 3/4] COPY . .
#7 DONE 22.6s

#8 [build 4/4] RUN --mount=type=cache,id=prov-sealed-1-cargo-git,sharing=locked,target=/root/.cargo/git     --mount=type=cache,id=prov-sealed-1-cargo-registry,sharing=locked,target=/root/.cargo/registry     --mount=type=cache,id=prov-sealed-1-target,sharing=locked,target=/src/target/prov-guest <<'EOF' (set -eu...)
#8 1.344 SEEDED 389M	/root/.cargo/git/db
#8 2.149 SEEDED-REGISTRY 252M	/root/.cargo/registry
#8 2.149 ==> SEALED BUILD: registry from /src/regcache, cargo network disabled
#8 2.150 ==> Building provenance guest
#8 11.48    Compiling proc-macro2 v1.0.107
#8 11.48    Compiling quote v1.0.47
#8 11.48    Compiling unicode-ident v1.0.26
#8 11.48    Compiling version_check v0.9.5
#8 11.48    Compiling autocfg v1.5.1
#8 11.48    Compiling paste v1.0.15
#8 11.49    Compiling serde_core v1.0.229
#8 11.49    Compiling zerocopy v0.8.59
#8 13.30    Compiling typenum v1.20.1
#8 13.65    Compiling generic-array v0.14.7
#8 14.27    Compiling num-traits v0.2.19
#8 14.80    Compiling once_cell v1.21.4
#8 14.83    Compiling hashbrown v0.17.1
#8 14.88    Compiling equivalent v1.0.2
#8 14.95    Compiling cfg-if v1.0.5
#8 15.10    Compiling serde v1.0.229
#8 15.42    Compiling rustversion v1.0.23
#8 15.72    Compiling winnow v1.0.4
#8 16.00    Compiling cfg_aliases v0.2.2
#8 19.54    Compiling toml_datetime v1.1.1+spec-1.1.0
#8 19.72    Compiling num-integer v0.1.47
#8 19.74    Compiling indexmap v2.14.2
#8 19.75    Compiling borsh v1.8.1
#8 20.73    Compiling syn v2.0.119
#8 20.78    Compiling syn v3.0.6
#8 21.05    Compiling num-bigint v0.4.8
#8 21.08    Compiling ahash v0.8.12
#8 21.23    Compiling thiserror v2.0.21
#8 21.69    Compiling anyhow v1.0.104
#8 21.96    Compiling getrandom v0.4.3
#8 22.03    Compiling crypto-common v0.1.7
#8 22.11    Compiling block-buffer v0.10.4
#8 22.29    Compiling const-oid v0.9.6
#8 22.34    Compiling risc0-zkp v3.0.5
#8 22.40    Compiling subtle v2.6.1
#8 22.67    Compiling digest v0.10.7
#8 22.67    Compiling toml_parser v1.1.3+spec-1.1.0
#8 24.17    Compiling toml_edit v0.25.15+spec-1.1.0
#8 24.69    Compiling unicode-xid v0.2.6
#8 24.84    Compiling rand_core v0.6.4
#8 25.05    Compiling hex v0.4.3
#8 25.66    Compiling ruint-macro v1.2.1
#8 26.42    Compiling proc-macro-crate v3.5.0
#8 27.30    Compiling syn v1.0.109
#8 27.91    Compiling tracing-core v0.1.36
#8 32.48    Compiling cmov v0.5.4
#8 32.96    Compiling log v0.4.34
#8 33.19    Compiling pin-project-lite v0.2.17
#8 34.28    Compiling ctutils v0.4.2
#8 35.18    Compiling arrayvec v0.7.8
#8 36.47    Compiling either v1.18.0
#8 37.39    Compiling getrandom v0.3.4
#8 37.51    Compiling libm v0.2.16
#8 38.37    Compiling itertools v0.13.0
#8 41.50    Compiling tracing-attributes v0.1.31
#8 43.53    Compiling zeroize_derive v1.5.0
#8 45.09    Compiling serde_derive v1.0.229
#8 45.24    Compiling ark-serialize-derive v0.5.0
#8 45.38    Compiling enum-ordinalize-derive v4.3.2
#8 45.43    Compiling bytemuck_derive v1.12.1
#8 45.85    Compiling ark-ff-macros v0.5.0
#8 47.07    Compiling ark-ff-asm v0.5.0
#8 47.89    Compiling enum-ordinalize v4.3.2
#8 48.06    Compiling educe v0.6.0
#8 48.46    Compiling num_enum_derive v0.7.6
#8 49.63    Compiling borsh-derive v1.8.1
#8 50.60    Compiling stability v0.2.1
#8 51.68    Compiling thiserror-impl v2.0.21
#8 51.90    Compiling derive_more-impl v2.1.1
#8 52.91    Compiling ppv-lite86 v0.2.21
#8 53.62    Compiling rand_chacha v0.3.1
#8 54.53    Compiling rand v0.8.8
#8 55.30    Compiling tracing v0.1.44
#8 56.12    Compiling zeroize v1.9.0
#8 56.18    Compiling ark-std v0.5.0
#8 56.41    Compiling derivative v2.2.0
#8 56.67    Compiling ark-crypto-primitives-macros v0.5.0
#8 56.75    Compiling ark-serialize v0.5.0
#8 57.14    Compiling bytemuck v1.25.2
#8 57.20    Compiling hybrid-array v0.4.15
#8 57.33    Compiling risc0-circuit-recursion v4.0.5
#8 57.52    Compiling cpufeatures v0.2.17
#8 57.54    Compiling rand_core v0.9.5
#8 57.62    Compiling libc v0.2.189
#8 57.75    Compiling sha2 v0.10.9
#8 57.76    Compiling ark-ff v0.5.0
#8 58.25    Compiling num_enum v0.7.6
#8 59.04    Compiling blake2 v0.10.6
#8 61.13    Compiling getrandom v0.2.17
#8 61.29    Compiling strsim v0.11.1
#8 61.31    Compiling risc0-circuit-keccak v4.0.6
#8 61.53    Compiling ident_case v1.0.1
#8 62.25    Compiling darling_core v0.24.1
#8 62.83    Compiling risc0-zkvm-platform v2.2.3
#8 63.93    Compiling allocator-api2 v0.2.21
#8 63.94    Compiling rand_core v0.10.1
#8 64.64    Compiling risc0-core v3.0.2
#8 65.06    Compiling hashbrown v0.15.5
#8 68.03    Compiling hex-literal v0.4.1
#8 68.21    Compiling cobs v0.3.0
#8 68.23    Compiling crypto-common v0.2.2
#8 69.87    Compiling rand v0.9.5
#8 70.44    Compiling ark-poly v0.5.0
#8 71.46    Compiling tracing-subscriber v0.2.25
#8 72.46    Compiling spin v0.9.9
#8 72.79    Compiling zmij v1.0.23
#8 72.91    Compiling lazy_static v1.5.0
#8 72.97    Compiling ark-ec v0.5.0
#8 72.99    Compiling ark-relations v0.5.1
#8 73.27    Compiling ruint v1.17.0
#8 73.49    Compiling darling_macro v0.24.1
#8 73.86    Compiling postcard v1.1.3
#8 74.12    Compiling darling v0.24.1
#8 74.24    Compiling serde_with_macros v3.24.0
#8 74.96    Compiling block-buffer v0.12.1
#8 75.38    Compiling derive_more v2.1.1
#8 75.53    Compiling semver v1.0.28
#8 75.68    Compiling elf v0.7.4
#8 75.88    Compiling byteorder v1.5.0
#8 76.31    Compiling keccak v0.1.6
#8 76.87    Compiling merlin v3.0.0
#8 77.03    Compiling ark-snark v0.5.1
#8 77.54    Compiling thiserror v1.0.69
#8 77.56    Compiling serde_json v1.0.151
#8 77.77    Compiling risc0-binfmt v3.0.5
#8 77.86    Compiling ark-crypto-primitives v0.5.0
#8 77.87    Compiling ark-bn254 v0.5.0
#8 77.94    Compiling digest v0.11.3
#8 78.20    Compiling inout v0.2.2
#8 78.43    Compiling thiserror-impl v1.0.69
#8 78.62    Compiling keccak v0.2.2
#8 78.79    Compiling ark-groth16 v0.5.0
#8 78.86    Compiling bit-vec v0.8.0
#8 79.01    Compiling include_bytes_aligned v0.1.4
#8 79.15    Compiling no_std_strings v0.1.3
#8 79.34    Compiling downcast-rs v1.2.1
#8 79.50    Compiling rrs-lib v0.1.0
#8 79.71    Compiling risc0-groth16 v3.0.5
#8 79.87    Compiling risc0-zkos-v1compat v2.2.3
#8 79.94    Compiling risc0-circuit-rv32im v4.0.5
#8 80.76    Compiling sha3 v0.11.0
#8 81.26    Compiling cipher v0.5.2
#8 83.67    Compiling kem v0.3.0
#8 83.98    Compiling module-lattice v0.2.3
#8 84.69    Compiling serde_spanned v0.6.9
#8 84.85    Compiling toml_datetime v0.6.11
#8 85.11    Compiling winnow v0.7.15
#8 85.27    Compiling cpufeatures v0.3.1
#8 85.37    Compiling toml_write v0.1.2
#8 85.51    Compiling chacha20 v0.10.2
#8 85.79    Compiling ml-kem v0.3.2
#8 86.80    Compiling serde_with v3.24.0
#8 88.59    Compiling risc0-zkvm v3.0.5
#8 89.66    Compiling toml_edit v0.22.27
#8 89.87    Compiling bytesize v2.7.0
#8 91.20    Compiling memchr v2.8.3
#8 91.76    Compiling base58 v0.2.0
#8 92.99    Compiling itoa v1.0.18
#8 93.25    Compiling lee_core v0.1.0 (https://github.com/logos-blockchain/logos-execution-zone.git?tag=v0.2.4#47eba256)
#8 95.19    Compiling toml v0.8.23
#8 97.41    Compiling spel-framework-core v0.6.0 (https://github.com/logos-co/spel.git?rev=1ef0500f8fc8ce3ddf95523726ae159db83f744f#1ef0500f)
#8 97.92    Compiling clock_core v0.1.0 (https://github.com/logos-blockchain/logos-execution-zone.git?tag=v0.2.4#47eba256)
#8 100.9    Compiling spel-framework-macros v0.6.0 (https://github.com/logos-co/spel.git?rev=1ef0500f8fc8ce3ddf95523726ae159db83f744f#1ef0500f)
#8 103.7    Compiling spel-framework v0.6.0 (https://github.com/logos-co/spel.git?rev=1ef0500f8fc8ce3ddf95523726ae159db83f744f#1ef0500f)
#8 103.7    Compiling provenance_core v0.1.0 (/src/provenance_core)
#8 105.8    Compiling provenance-guest v0.1.0 (/src/methods/guest)
#8 107.9     Finished `release` profile [optimized] target(s) in 1m 43s
#8 109.5 a1a0fdc88a0e06b82d2e36abc0f3b192fdf8be2914823a8784c5b291e1f56089  /guest-output/provenance.elf
#8 109.5 total 504
#8 109.5 drwxr-xr-x 2 root root   4096 Sep 28 21:37 .
#8 109.5 drwxr-xr-x 1 root root   4096 Sep 28 21:37 ..
#8 109.5 -rwxr-xr-x 1 root root 506164 Sep 28 21:37 provenance.elf
#8 DONE 113.1s

#9 [export 1/1] COPY --from=build /guest-output /
#9 CACHED

#10 exporting to client directory
#10 copying files
#10 copying files 506.29kB 0.1s done
#10 DONE 0.1s
a1a0fdc88a0e06b82d2e36abc0f3b192fdf8be2914823a8784c5b291e1f56089  /home/user/provenance/artifacts/verify-sealed/provenance.elf
6bd3e46c59b50f4be28702811cf69ab0dd28db640425efc287ea0ecb8c2b887b  /home/user/provenance/artifacts/verify-sealed/provenance.bin
IMAGEID 7b4040d30bc2354f5cfddedaea1a8a088ae6876f375220884485ea7d2e7b0bd6
