#0 building with "default" instance using docker driver

#1 [internal] load build definition from build-provenance-guest.Dockerfile
#1 transferring dockerfile: 2.30kB 0.0s done
#1 DONE 0.0s

#2 [internal] load metadata for docker.io/risczero/risc0-guest-builder:r0.1.88.0
#2 DONE 0.0s

#3 [internal] load .dockerignore
#3 transferring context: 2B done
#3 DONE 0.0s

#4 [build 1/4] FROM docker.io/risczero/risc0-guest-builder:r0.1.88.0@sha256:3e12f71bacd27527a61dea96fa0e53e468c99aa261d3a1019b593f6dbd943eb3
#4 resolve docker.io/risczero/risc0-guest-builder:r0.1.88.0@sha256:3e12f71bacd27527a61dea96fa0e53e468c99aa261d3a1019b593f6dbd943eb3 0.0s done
#4 DONE 0.0s

#5 [internal] load build context
#5 transferring context: 24.41kB 0.0s done
#5 DONE 0.0s

#6 [build 2/4] WORKDIR /src
#6 CACHED

#7 [build 3/4] COPY . .
#7 DONE 1.0s

#8 [build 4/4] RUN --mount=type=cache,id=provenance-risc0-guest-b2-cargo-git,sharing=locked,target=/root/.cargo/git     --mount=type=cache,id=provenance-risc0-guest-b2-cargo-registry,sharing=locked,target=/root/.cargo/registry     --mount=type=cache,id=provenance-risc0-guest-b2-target,sharing=locked,target=/src/target/prov-guest <<'EOF' (set -eu...)
#8 0.299 ==> Building provenance guest
#8 1.448    Compiling provenance_core v0.1.0 (/src/provenance_core)
#8 2.690    Compiling provenance-guest v0.1.0 (/src/methods/guest)
#8 3.898     Finished `release` profile [optimized] target(s) in 3.51s
#8 3.928 43230e2e82c4c27a5be49bf3f7948d3d9c384213b289e6dc57a13da8295a8215  /guest-output/provenance.elf
#8 3.931 total 504
#8 3.931 drwxr-xr-x 2 root root   4096 Sep 28 14:27 .
#8 3.931 drwxr-xr-x 1 root root   4096 Sep 28 14:27 ..
#8 3.931 -rwxr-xr-x 1 root root 505568 Sep 28 14:27 provenance.elf
#8 DONE 3.9s

#9 [export 1/1] COPY --from=build /guest-output /
#9 DONE 0.0s

#10 exporting to client directory
#10 copying files 505.70kB done
#10 DONE 0.0s
