#0 building with "default" instance using docker driver

#1 [internal] load build definition from experiment-cargo-home.Dockerfile
#1 transferring dockerfile: 3.13kB done
#1 DONE 0.0s

#2 [internal] load metadata for docker.io/risczero/risc0-guest-builder:r0.1.88.0-provseed-bundle1
#2 DONE 0.0s

#3 [internal] load .dockerignore
#3 transferring context: 2B done
#3 DONE 0.0s

#4 [build 1/4] FROM docker.io/risczero/risc0-guest-builder:r0.1.88.0-provseed-bundle1@sha256:b85469cd1801fe388ae13df8f579773e7e1821f07edf25486b716d28285a8aa5
#4 resolve docker.io/risczero/risc0-guest-builder:r0.1.88.0-provseed-bundle1@sha256:b85469cd1801fe388ae13df8f579773e7e1821f07edf25486b716d28285a8aa5 0.0s done
#4 DONE 0.0s

#5 [internal] load build context
#5 transferring context: 716.34kB 0.0s done
#5 DONE 0.0s

#6 [build 2/4] WORKDIR /src
#6 CACHED

#7 [build 3/4] COPY . .
#7 DONE 0.1s

#8 [build 4/4] RUN <<'EOF' (set -eu...)
#8 0.099 ARM-CARGO-HOME /root/.cargo
#8 2.399 ARM-SEED 389M	/root/.cargo/git/db
#8 2.399 ARM-SEED 252M	/root/.cargo/registry
#8 5.120    Compiling proc-macro2 v1.0.107
#8 5.120    Compiling unicode-ident v1.0.26
#8 5.120    Compiling quote v1.0.47
#8 5.120    Compiling version_check v0.9.5
#8 5.122    Compiling paste v1.0.15
#8 5.124    Compiling autocfg v1.5.1
#8 5.127    Compiling zerocopy v0.8.59
#8 5.130    Compiling serde_core v1.0.229
#8 5.358    Compiling typenum v1.20.1
#8 5.706    Compiling once_cell v1.21.4
#8 5.749    Compiling cfg-if v1.0.5
#8 5.806    Compiling generic-array v0.14.7
#8 5.887    Compiling equivalent v1.0.2
#8 5.951    Compiling serde v1.0.229
#8 5.956    Compiling hashbrown v0.17.1
#8 6.046    Compiling num-traits v0.2.19
#8 6.111    Compiling rustversion v1.0.23
#8 6.269    Compiling winnow v1.0.4
#8 6.522    Compiling cfg_aliases v0.2.2
#8 6.529    Compiling toml_datetime v1.1.1+spec-1.1.0
#8 6.587    Compiling borsh v1.8.1
#8 7.253    Compiling indexmap v2.14.2
#8 7.523    Compiling syn v2.0.119
#8 7.629    Compiling syn v3.0.6
#8 7.841    Compiling ahash v0.8.12
#8 7.988    Compiling num-integer v0.1.47
#8 8.023    Compiling getrandom v0.4.3
#8 8.236    Compiling anyhow v1.0.104
#8 8.525    Compiling num-bigint v0.4.8
#8 8.630    Compiling thiserror v2.0.21
#8 8.639    Compiling crypto-common v0.1.7
#8 8.774    Compiling block-buffer v0.10.4
#8 8.904    Compiling toml_parser v1.1.3+spec-1.1.0
#8 8.963    Compiling subtle v2.6.1
#8 9.221    Compiling const-oid v0.9.6
#8 9.226    Compiling risc0-zkp v3.0.5
#8 9.500    Compiling digest v0.10.7
#8 9.839    Compiling toml_edit v0.25.15+spec-1.1.0
#8 11.80    Compiling proc-macro-crate v3.5.0
#8 12.23    Compiling unicode-xid v0.2.6
#8 12.39    Compiling rand_core v0.6.4
#8 12.40    Compiling hex v0.4.3
#8 12.84    Compiling ruint-macro v1.2.1
#8 12.91    Compiling syn v1.0.109
#8 13.33    Compiling tracing-core v0.1.36
#8 16.11    Compiling log v0.4.34
#8 16.35    Compiling pin-project-lite v0.2.17
#8 16.42    Compiling cmov v0.5.4
#8 16.84    Compiling ctutils v0.4.2
#8 17.49    Compiling arrayvec v0.7.8
#8 17.91    Compiling getrandom v0.3.4
#8 18.65    Compiling either v1.18.0
#8 19.21    Compiling libm v0.2.16
#8 19.57    Compiling itertools v0.13.0
#8 20.04    Compiling serde_derive v1.0.229
#8 20.18    Compiling bytemuck_derive v1.12.1
#8 20.35    Compiling tracing-attributes v0.1.31
#8 21.28    Compiling zeroize_derive v1.5.0
#8 21.94    Compiling enum-ordinalize-derive v4.3.2
#8 22.30    Compiling ark-serialize-derive v0.5.0
#8 22.63    Compiling num_enum_derive v0.7.6
#8 22.88    Compiling ark-ff-macros v0.5.0
#8 22.98    Compiling ark-ff-asm v0.5.0
#8 23.04    Compiling stability v0.2.1
#8 23.05    Compiling enum-ordinalize v4.3.2
#8 23.12    Compiling educe v0.6.0
#8 23.75    Compiling borsh-derive v1.8.1
#8 23.83    Compiling thiserror-impl v2.0.21
#8 23.98    Compiling derive_more-impl v2.1.1
#8 24.74    Compiling ppv-lite86 v0.2.21
#8 25.26    Compiling rand_chacha v0.3.1
#8 26.18    Compiling rand v0.8.8
#8 26.52    Compiling tracing v0.1.44
#8 27.33    Compiling ark-std v0.5.0
#8 27.44    Compiling zeroize v1.9.0
#8 27.82    Compiling derivative v2.2.0
#8 27.83    Compiling ark-crypto-primitives-macros v0.5.0
#8 27.91    Compiling ark-serialize v0.5.0
#8 28.04    Compiling bytemuck v1.25.2
#8 28.31    Compiling hybrid-array v0.4.15
#8 28.53    Compiling risc0-circuit-recursion v4.0.5
#8 28.66    Compiling rand_core v0.9.5
#8 28.71    Compiling cpufeatures v0.2.17
#8 28.76    Compiling libc v0.2.189
#8 28.77    Compiling sha2 v0.10.9
#8 29.28    Compiling num_enum v0.7.6
#8 29.30    Compiling ark-ff v0.5.0
#8 29.70    Compiling blake2 v0.10.6
#8 31.31    Compiling getrandom v0.2.17
#8 31.34    Compiling strsim v0.11.1
#8 31.50    Compiling risc0-circuit-keccak v4.0.6
#8 31.63    Compiling ident_case v1.0.1
#8 31.75    Compiling darling_core v0.24.1
#8 33.09    Compiling risc0-zkvm-platform v2.2.3
#8 34.22    Compiling rand_core v0.10.1
#8 34.30    Compiling allocator-api2 v0.2.21
#8 35.05    Compiling risc0-core v3.0.2
#8 35.10    Compiling hashbrown v0.15.5
#8 36.66    Compiling hex-literal v0.4.1
#8 37.25    Compiling cobs v0.3.0
#8 37.78    Compiling crypto-common v0.2.2
#8 38.32    Compiling rand v0.9.5
#8 39.51    Compiling tracing-subscriber v0.2.25
#8 40.21    Compiling ark-poly v0.5.0
#8 40.98    Compiling darling_macro v0.24.1
#8 41.73    Compiling spin v0.9.9
#8 41.84    Compiling darling v0.24.1
#8 41.93    Compiling zmij v1.0.23
#8 42.33    Compiling lazy_static v1.5.0
#8 42.55    Compiling serde_with_macros v3.24.0
#8 42.56    Compiling ark-relations v0.5.1
#8 42.74    Compiling ruint v1.17.0
#8 43.66    Compiling ark-ec v0.5.0
#8 43.71    Compiling postcard v1.1.3
#8 44.01    Compiling block-buffer v0.12.1
#8 47.45    Compiling derive_more v2.1.1
#8 47.69    Compiling semver v1.0.28
#8 47.79    Compiling byteorder v1.5.0
#8 47.79    Compiling elf v0.7.4
#8 48.85    Compiling keccak v0.1.6
#8 49.26    Compiling merlin v3.0.0
#8 49.82    Compiling ark-snark v0.5.1
#8 49.83    Compiling risc0-binfmt v3.0.5
#8 50.05    Compiling thiserror v1.0.69
#8 50.07    Compiling serde_json v1.0.151
#8 50.17    Compiling digest v0.11.3
#8 50.52    Compiling inout v0.2.2
#8 50.64    Compiling thiserror-impl v1.0.69
#8 50.78    Compiling keccak v0.2.2
#8 51.09    Compiling include_bytes_aligned v0.1.4
#8 51.15    Compiling no_std_strings v0.1.3
#8 51.24    Compiling bit-vec v0.8.0
#8 51.81    Compiling downcast-rs v1.2.1
#8 52.48    Compiling risc0-circuit-rv32im v4.0.5
#8 52.70    Compiling risc0-zkos-v1compat v2.2.3
#8 52.97    Compiling rrs-lib v0.1.0
#8 53.41    Compiling ark-crypto-primitives v0.5.0
#8 53.48    Compiling ark-bn254 v0.5.0
#8 53.89    Compiling sha3 v0.11.0
#8 54.33    Compiling ark-groth16 v0.5.0
#8 54.47    Compiling cipher v0.5.2
#8 55.12    Compiling risc0-groth16 v3.0.5
#8 55.44    Compiling kem v0.3.0
#8 55.61    Compiling module-lattice v0.2.3
#8 56.14    Compiling serde_spanned v0.6.9
#8 56.27    Compiling toml_datetime v0.6.11
#8 56.41    Compiling toml_write v0.1.2
#8 56.99    Compiling cpufeatures v0.3.1
#8 57.13    Compiling winnow v0.7.15
#8 58.78    Compiling chacha20 v0.10.2
#8 59.12    Compiling ml-kem v0.3.2
#8 60.76    Compiling serde_with v3.24.0
#8 63.36    Compiling risc0-zkvm v3.0.5
#8 63.92    Compiling toml_edit v0.22.27
#8 64.12    Compiling bytesize v2.7.0
#8 65.86    Compiling base58 v0.2.0
#8 66.06    Compiling memchr v2.8.3
#8 66.17    Compiling itoa v1.0.18
#8 68.40    Compiling lee_core v0.1.0 (https://github.com/logos-blockchain/logos-execution-zone.git?tag=v0.2.4#47eba256)
#8 70.87    Compiling toml v0.8.23
#8 73.02    Compiling spel-framework-core v0.6.0 (https://github.com/logos-co/spel.git?rev=1ef0500f8fc8ce3ddf95523726ae159db83f744f#1ef0500f)
#8 74.35    Compiling clock_core v0.1.0 (https://github.com/logos-blockchain/logos-execution-zone.git?tag=v0.2.4#47eba256)
#8 76.45    Compiling spel-framework-macros v0.6.0 (https://github.com/logos-co/spel.git?rev=1ef0500f8fc8ce3ddf95523726ae159db83f744f#1ef0500f)
#8 78.64    Compiling spel-framework v0.6.0 (https://github.com/logos-co/spel.git?rev=1ef0500f8fc8ce3ddf95523726ae159db83f744f#1ef0500f)
#8 78.64    Compiling provenance_core v0.1.0 (/src/provenance_core)
#8 82.09    Compiling provenance-guest v0.1.0 (/src/methods/guest)
#8 83.12     Finished `release` profile [optimized] target(s) in 1m 15s
#8 83.17 a1a0fdc88a0e06b82d2e36abc0f3b192fdf8be2914823a8784c5b291e1f56089  /guest-output/provenance.elf
#8 83.18 ARM-PATHSTRINGS 18
#8 DONE 83.4s

#9 [export 1/1] COPY --from=build /guest-output /
#9 CACHED

#10 exporting to client directory
#10 copying files 506.29kB 0.0s done
#10 DONE 0.0s
