#0 building with "default" instance using docker driver

#1 [internal] load build definition from build-provenance-guest.Dockerfile
#1 transferring dockerfile: 2.30kB done
#1 DONE 0.0s

#2 [internal] load metadata for docker.io/risczero/risc0-guest-builder:r0.1.88.0
#2 DONE 0.0s

#3 [internal] load .dockerignore
#3 transferring context: 2B done
#3 DONE 0.0s

#4 [build 1/4] FROM docker.io/risczero/risc0-guest-builder:r0.1.88.0@sha256:3e12f71bacd27527a61dea96fa0e53e468c99aa261d3a1019b593f6dbd943eb3
#4 resolve docker.io/risczero/risc0-guest-builder:r0.1.88.0@sha256:3e12f71bacd27527a61dea96fa0e53e468c99aa261d3a1019b593f6dbd943eb3 0.0s done
#4 DONE 0.0s

#5 [internal] load build context
#5 transferring context: 41.19kB 0.0s done
#5 DONE 0.0s

#6 [build 2/4] WORKDIR /src
#6 CACHED

#7 [build 3/4] COPY . .
#7 DONE 1.1s

#8 [build 4/4] RUN --mount=type=cache,id=provenance-risc0-guest-b2-cargo-git,sharing=locked,target=/root/.cargo/git     --mount=type=cache,id=provenance-risc0-guest-b2-cargo-registry,sharing=locked,target=/root/.cargo/registry     --mount=type=cache,id=provenance-risc0-guest-b2-target,sharing=locked,target=/src/target/prov-guest <<'EOF' (set -eu...)
#8 0.312 ==> Building provenance guest
#8 1.502    Compiling provenance_core v0.1.0 (/src/provenance_core)
#8 2.807    Compiling provenance-guest v0.1.0 (/src/methods/guest)
#8 4.146     Finished `release` profile [optimized] target(s) in 3.75s
#8 4.191 a1a0fdc88a0e06b82d2e36abc0f3b192fdf8be2914823a8784c5b291e1f56089  /guest-output/provenance.elf
#8 4.195 total 504
#8 4.195 drwxr-xr-x 2 root root   4096 Sep 28 14:24 .
#8 4.195 drwxr-xr-x 1 root root   4096 Sep 28 14:24 ..
#8 4.195 -rwxr-xr-x 1 root root 506164 Sep 28 14:24 provenance.elf
#8 DONE 4.2s

#9 [export 1/1] COPY --from=build /guest-output /
#9 CACHED

#10 exporting to client directory
#10 copying files 506.29kB done
#10 DONE 0.0s
