#0 building with "default" instance using docker driver

#1 [internal] load build definition from experiment-cargo-home.Dockerfile
#1 transferring dockerfile: 3.13kB done
#1 DONE 0.0s

#2 [internal] load metadata for docker.io/risczero/risc0-guest-builder:r0.1.88.0-provseed-bundle1
#2 DONE 0.0s

#3 [internal] load .dockerignore
#3 transferring context: 2B done
#3 DONE 0.0s

#4 [build 1/4] FROM docker.io/risczero/risc0-guest-builder:r0.1.88.0-provseed-bundle1@sha256:b85469cd1801fe388ae13df8f579773e7e1821f07edf25486b716d28285a8aa5
#4 resolve docker.io/risczero/risc0-guest-builder:r0.1.88.0-provseed-bundle1@sha256:b85469cd1801fe388ae13df8f579773e7e1821f07edf25486b716d28285a8aa5 0.0s done
#4 DONE 0.0s

#5 [internal] load build context
#5 transferring context: 4.29kB done
#5 DONE 0.0s

#6 [build 2/4] WORKDIR /src
#6 CACHED

#7 [build 3/4] COPY . .
#7 CACHED

#8 [build 4/4] RUN <<'EOF' (set -eu...)
#8 0.083 ARM-CARGO-HOME /opt/alt-cargo
#8 2.426 ARM-SEED 389M	/opt/alt-cargo/git/db
#8 2.426 ARM-SEED 252M	/opt/alt-cargo/registry
#8 7.772    Compiling proc-macro2 v1.0.107
#8 7.772    Compiling unicode-ident v1.0.26
#8 7.772    Compiling quote v1.0.47
#8 7.772    Compiling version_check v0.9.5
#8 7.781    Compiling paste v1.0.15
#8 7.785    Compiling autocfg v1.5.1
#8 7.797    Compiling serde_core v1.0.229
#8 7.821    Compiling zerocopy v0.8.59
#8 8.050    Compiling typenum v1.20.1
#8 8.349    Compiling once_cell v1.21.4
#8 8.443    Compiling generic-array v0.14.7
#8 8.649    Compiling cfg-if v1.0.5
#8 8.734    Compiling equivalent v1.0.2
#8 8.764    Compiling hashbrown v0.17.1
#8 8.865    Compiling serde v1.0.229
#8 8.980    Compiling num-traits v0.2.19
#8 9.110    Compiling winnow v1.0.4
#8 9.370    Compiling rustversion v1.0.23
#8 9.457    Compiling cfg_aliases v0.2.2
#8 9.508    Compiling toml_datetime v1.1.1+spec-1.1.0
#8 10.71    Compiling syn v2.0.119
#8 10.77    Compiling syn v3.0.6
#8 10.83    Compiling indexmap v2.14.2
#8 10.90    Compiling borsh v1.8.1
#8 14.42    Compiling num-integer v0.1.47
#8 14.46    Compiling ahash v0.8.12
#8 14.75    Compiling getrandom v0.4.3
#8 15.05    Compiling anyhow v1.0.104
#8 15.25    Compiling num-bigint v0.4.8
#8 15.52    Compiling toml_parser v1.1.3+spec-1.1.0
#8 15.58    Compiling thiserror v2.0.21
#8 15.68    Compiling subtle v2.6.1
#8 15.90    Compiling risc0-zkp v3.0.5
#8 15.99    Compiling crypto-common v0.1.7
#8 16.05    Compiling block-buffer v0.10.4
#8 16.17    Compiling const-oid v0.9.6
#8 16.52    Compiling digest v0.10.7
#8 16.56    Compiling toml_edit v0.25.15+spec-1.1.0
#8 19.85    Compiling proc-macro-crate v3.5.0
#8 20.15    Compiling unicode-xid v0.2.6
#8 20.23    Compiling ruint-macro v1.2.1
#8 20.30    Compiling hex v0.4.3
#8 20.77    Compiling rand_core v0.6.4
#8 21.11    Compiling syn v1.0.109
#8 21.11    Compiling tracing-core v0.1.36
#8 24.28    Compiling cmov v0.5.4
#8 24.75    Compiling pin-project-lite v0.2.17
#8 25.30    Compiling log v0.4.34
#8 25.70    Compiling ctutils v0.4.2
#8 26.62    Compiling either v1.18.0
#8 27.07    Compiling getrandom v0.3.4
#8 28.04    Compiling libm v0.2.16
#8 28.21    Compiling serde_derive v1.0.229
#8 28.45    Compiling bytemuck_derive v1.12.1
#8 28.50    Compiling borsh-derive v1.8.1
#8 29.05    Compiling tracing-attributes v0.1.31
#8 29.99    Compiling zeroize_derive v1.5.0
#8 30.75    Compiling ark-serialize-derive v0.5.0
#8 30.90    Compiling enum-ordinalize-derive v4.3.2
#8 31.36    Compiling ark-ff-asm v0.5.0
#8 31.50    Compiling num_enum_derive v0.7.6
#8 31.57    Compiling ark-ff-macros v0.5.0
#8 32.05    Compiling stability v0.2.1
#8 32.06    Compiling thiserror-impl v2.0.21
#8 32.10    Compiling enum-ordinalize v4.3.2
#8 32.16    Compiling educe v0.6.0
#8 32.34    Compiling derive_more-impl v2.1.1
#8 32.74    Compiling ppv-lite86 v0.2.21
#8 33.59    Compiling rand_chacha v0.3.1
#8 33.75    Compiling tracing v0.1.44
#8 34.18    Compiling rand v0.8.8
#8 35.86    Compiling ark-std v0.5.0
#8 36.02    Compiling derivative v2.2.0
#8 36.40    Compiling zeroize v1.9.0
#8 36.95    Compiling ark-crypto-primitives-macros v0.5.0
#8 36.96    Compiling arrayvec v0.7.8
#8 37.53    Compiling ark-serialize v0.5.0
#8 37.65    Compiling bytemuck v1.25.2
#8 38.15    Compiling itertools v0.13.0
#8 38.37    Compiling hybrid-array v0.4.15
#8 39.04    Compiling risc0-circuit-recursion v4.0.5
#8 39.17    Compiling libc v0.2.189
#8 39.19    Compiling rand_core v0.9.5
#8 39.44    Compiling cpufeatures v0.2.17
#8 39.50    Compiling sha2 v0.10.9
#8 40.10    Compiling num_enum v0.7.6
#8 40.36    Compiling blake2 v0.10.6
#8 41.44    Compiling getrandom v0.2.17
#8 41.61    Compiling ident_case v1.0.1
#8 41.63    Compiling strsim v0.11.1
#8 41.73    Compiling risc0-circuit-keccak v4.0.6
#8 41.97    Compiling darling_core v0.24.1
#8 42.24    Compiling ark-ff v0.5.0
#8 42.97    Compiling risc0-zkvm-platform v2.2.3
#8 44.24    Compiling allocator-api2 v0.2.21
#8 44.28    Compiling rand_core v0.10.1
#8 45.24    Compiling risc0-core v3.0.2
#8 45.32    Compiling hashbrown v0.15.5
#8 49.79    Compiling hex-literal v0.4.1
#8 49.82    Compiling cobs v0.3.0
#8 50.01    Compiling crypto-common v0.2.2
#8 51.48    Compiling rand v0.9.5
#8 52.88    Compiling tracing-subscriber v0.2.25
#8 54.11    Compiling darling_macro v0.24.1
#8 54.12    Compiling spin v0.9.9
#8 54.30    Compiling zmij v1.0.23
#8 54.48    Compiling lazy_static v1.5.0
#8 54.59    Compiling darling v0.24.1
#8 54.61    Compiling ruint v1.17.0
#8 54.66    Compiling postcard v1.1.3
#8 54.67    Compiling serde_with_macros v3.24.0
#8 55.92    Compiling ark-poly v0.5.0
#8 55.92    Compiling ark-relations v0.5.1
#8 56.43    Compiling block-buffer v0.12.1
#8 56.68    Compiling derive_more v2.1.1
#8 56.80    Compiling semver v1.0.28
#8 56.91    Compiling byteorder v1.5.0
#8 57.02    Compiling elf v0.7.4
#8 57.48    Compiling keccak v0.1.6
#8 58.16    Compiling ark-ec v0.5.0
#8 58.20    Compiling merlin v3.0.0
#8 58.21    Compiling ark-snark v0.5.1
#8 58.32    Compiling serde_json v1.0.151
#8 58.53    Compiling risc0-binfmt v3.0.5
#8 58.54    Compiling thiserror v1.0.69
#8 58.64    Compiling digest v0.11.3
#8 59.00    Compiling inout v0.2.2
#8 59.27    Compiling thiserror-impl v1.0.69
#8 59.45    Compiling keccak v0.2.2
#8 59.87    Compiling downcast-rs v1.2.1
#8 60.10    Compiling bit-vec v0.8.0
#8 60.64    Compiling no_std_strings v0.1.3
#8 60.64    Compiling include_bytes_aligned v0.1.4
#8 60.93    Compiling risc0-zkos-v1compat v2.2.3
#8 61.03    Compiling risc0-circuit-rv32im v4.0.5
#8 61.24    Compiling rrs-lib v0.1.0
#8 61.95    Compiling sha3 v0.11.0
#8 62.51    Compiling cipher v0.5.2
#8 62.79    Compiling ark-crypto-primitives v0.5.0
#8 63.17    Compiling ark-bn254 v0.5.0
#8 63.57    Compiling ark-groth16 v0.5.0
#8 64.13    Compiling kem v0.3.0
#8 64.30    Compiling module-lattice v0.2.3
#8 64.54    Compiling risc0-groth16 v3.0.5
#8 64.81    Compiling toml_datetime v0.6.11
#8 65.10    Compiling serde_spanned v0.6.9
#8 65.32    Compiling winnow v0.7.15
#8 65.38    Compiling cpufeatures v0.3.1
#8 65.44    Compiling toml_write v0.1.2
#8 65.80    Compiling chacha20 v0.10.2
#8 66.11    Compiling ml-kem v0.3.2
#8 68.35    Compiling risc0-zkvm v3.0.5
#8 69.28    Compiling serde_with v3.24.0
#8 70.01    Compiling toml_edit v0.22.27
#8 70.49    Compiling bytesize v2.7.0
#8 71.12    Compiling itoa v1.0.18
#8 71.44    Compiling memchr v2.8.3
#8 71.61    Compiling base58 v0.2.0
#8 74.52    Compiling lee_core v0.1.0 (https://github.com/logos-blockchain/logos-execution-zone.git?tag=v0.2.4#47eba256)
#8 75.63    Compiling toml v0.8.23
#8 80.51    Compiling spel-framework-core v0.6.0 (https://github.com/logos-co/spel.git?rev=1ef0500f8fc8ce3ddf95523726ae159db83f744f#1ef0500f)
#8 82.41    Compiling clock_core v0.1.0 (https://github.com/logos-blockchain/logos-execution-zone.git?tag=v0.2.4#47eba256)
#8 85.33    Compiling spel-framework-macros v0.6.0 (https://github.com/logos-co/spel.git?rev=1ef0500f8fc8ce3ddf95523726ae159db83f744f#1ef0500f)
#8 88.21    Compiling spel-framework v0.6.0 (https://github.com/logos-co/spel.git?rev=1ef0500f8fc8ce3ddf95523726ae159db83f744f#1ef0500f)
#8 88.21    Compiling provenance_core v0.1.0 (/src/provenance_core)
#8 90.14    Compiling provenance-guest v0.1.0 (/src/methods/guest)
#8 91.95     Finished `release` profile [optimized] target(s) in 1m 24s
#8 92.03 0096833e07c24bbfe46734538ce1d99660bec8ec6b5a4cc81d23621eff0d05ab  /guest-output/provenance.elf
#8 92.03 ARM-PATHSTRINGS 18
#8 DONE 97.8s

#9 [export 1/1] COPY --from=build /guest-output /
#9 DONE 0.2s

#10 exporting to client directory
#10 copying files 506.31kB 0.0s done
#10 DONE 0.0s
