#0 building with "default" instance using docker driver

#1 [internal] load build definition from build-guest.Dockerfile
#1 transferring dockerfile: 4.24kB done
#1 DONE 0.0s

#2 [internal] load metadata for docker.io/risczero/risc0-guest-builder:r0.1.88.0-provseed-20260928
#2 DONE 0.0s

#3 [internal] load .dockerignore
#3 transferring context: 2B done
#3 DONE 0.0s

#4 [internal] load build context
#4 DONE 0.0s

#5 [build 1/4] FROM docker.io/risczero/risc0-guest-builder:r0.1.88.0-provseed-20260928@sha256:e3708863a09a686ca22ad76578f1f57d5e7c6f8867f28f2b2806f86460bbb659
#5 resolve docker.io/risczero/risc0-guest-builder:r0.1.88.0-provseed-20260928@sha256:e3708863a09a686ca22ad76578f1f57d5e7c6f8867f28f2b2806f86460bbb659 0.0s done
#5 DONE 0.1s

#4 [internal] load build context
#4 transferring context: 58.74kB 0.0s done
#4 DONE 0.0s

#6 [build 2/4] WORKDIR /src
#6 DONE 0.1s

#7 [build 3/4] COPY . .
#7 DONE 0.1s

#8 [build 4/4] RUN --mount=type=cache,id=prov-imgonly-1790636691-cargo-git,sharing=locked,target=/root/.cargo/git     --mount=type=cache,id=prov-imgonly-1790636691-cargo-registry,sharing=locked,target=/root/.cargo/registry     --mount=type=cache,id=prov-imgonly-1790636691-target,sharing=locked,target=/src/target/prov-guest <<'EOF' (set -eu...)
#8 1.809 STAGED-FROM-IMAGE gitdb
#8 22.70 STAGED-FROM-IMAGE regcache
#8 23.37 SEEDED 389M	/root/.cargo/git/db
#8 24.10 SEEDED-REGISTRY 252M	/root/.cargo/registry
#8 24.10 ==> SEALED BUILD: registry from /src/regcache, cargo network disabled
#8 24.11 ==> Building provenance guest
#8 40.86    Compiling proc-macro2 v1.0.107
#8 40.86    Compiling quote v1.0.47
#8 40.86    Compiling unicode-ident v1.0.26
#8 40.86    Compiling version_check v0.9.5
#8 40.87    Compiling autocfg v1.5.1
#8 40.87    Compiling paste v1.0.15
#8 40.88    Compiling zerocopy v0.8.59
#8 40.88    Compiling serde_core v1.0.229
#8 41.32    Compiling once_cell v1.21.4
#8 41.91    Compiling typenum v1.20.1
#8 41.96    Compiling hashbrown v0.17.1
#8 42.12    Compiling serde v1.0.229
#8 42.14    Compiling generic-array v0.14.7
#8 42.35    Compiling equivalent v1.0.2
#8 42.35    Compiling num-traits v0.2.19
#8 42.44    Compiling cfg-if v1.0.5
#8 42.54    Compiling rustversion v1.0.23
#8 42.59    Compiling winnow v1.0.4
#8 43.28    Compiling toml_datetime v1.1.1+spec-1.1.0
#8 43.29    Compiling cfg_aliases v0.2.2
#8 43.98    Compiling indexmap v2.14.2
#8 44.37    Compiling borsh v1.8.1
#8 44.84    Compiling num-integer v0.1.47
#8 44.94    Compiling syn v2.0.119
#8 44.94    Compiling syn v3.0.6
#8 45.80    Compiling num-bigint v0.4.8
#8 45.88    Compiling ahash v0.8.12
#8 46.10    Compiling toml_parser v1.1.3+spec-1.1.0
#8 46.27    Compiling anyhow v1.0.104
#8 46.35    Compiling thiserror v2.0.21
#8 46.78    Compiling getrandom v0.4.3
#8 46.83    Compiling crypto-common v0.1.7
#8 46.95    Compiling block-buffer v0.10.4
#8 47.18    Compiling const-oid v0.9.6
#8 47.22    Compiling risc0-zkp v3.0.5
#8 47.33    Compiling toml_edit v0.25.15+spec-1.1.0
#8 47.49    Compiling subtle v2.6.1
#8 47.76    Compiling digest v0.10.7
#8 50.28    Compiling proc-macro-crate v3.5.0
#8 50.61    Compiling unicode-xid v0.2.6
#8 51.06    Compiling hex v0.4.3
#8 51.07    Compiling ruint-macro v1.2.1
#8 51.67    Compiling rand_core v0.6.4
#8 52.08    Compiling syn v1.0.109
#8 52.43    Compiling tracing-core v0.1.36
#8 57.45    Compiling log v0.4.34
#8 58.18    Compiling pin-project-lite v0.2.17
#8 58.32    Compiling cmov v0.5.4
#8 59.42    Compiling ctutils v0.4.2
#8 60.45    Compiling either v1.18.0
#8 60.67    Compiling getrandom v0.3.4
#8 61.12    Compiling libm v0.2.16
#8 61.65    Compiling arrayvec v0.7.8
#8 62.27    Compiling itertools v0.13.0
#8 64.19    Compiling tracing-attributes v0.1.31
#8 64.57    Compiling zeroize_derive v1.5.0
#8 64.67    Compiling enum-ordinalize-derive v4.3.2
#8 65.83    Compiling ark-serialize-derive v0.5.0
#8 66.18    Compiling enum-ordinalize v4.3.2
#8 66.30    Compiling educe v0.6.0
#8 66.52    Compiling serde_derive v1.0.229
#8 66.62    Compiling bytemuck_derive v1.12.1
#8 66.76    Compiling ark-ff-asm v0.5.0
#8 67.60    Compiling ark-ff-macros v0.5.0
#8 67.94    Compiling num_enum_derive v0.7.6
#8 68.49    Compiling borsh-derive v1.8.1
#8 70.40    Compiling stability v0.2.1
#8 70.64    Compiling thiserror-impl v2.0.21
#8 71.59    Compiling derive_more-impl v2.1.1
#8 71.82    Compiling ppv-lite86 v0.2.21
#8 73.78    Compiling rand_chacha v0.3.1
#8 75.26    Compiling rand v0.8.8
#8 77.40    Compiling ark-std v0.5.0
#8 77.69    Compiling tracing v0.1.44
#8 78.40    Compiling zeroize v1.9.0
#8 78.64    Compiling derivative v2.2.0
#8 78.81    Compiling ark-crypto-primitives-macros v0.5.0
#8 79.13    Compiling ark-serialize v0.5.0
#8 79.63    Compiling bytemuck v1.25.2
#8 80.26    Compiling hybrid-array v0.4.15
#8 80.92    Compiling risc0-circuit-recursion v4.0.5
#8 81.40    Compiling cpufeatures v0.2.17
#8 81.63    Compiling libc v0.2.189
#8 81.65    Compiling rand_core v0.9.5
#8 81.68    Compiling sha2 v0.10.9
#8 82.15    Compiling ark-ff v0.5.0
#8 82.84    Compiling num_enum v0.7.6
#8 83.31    Compiling blake2 v0.10.6
#8 86.34    Compiling getrandom v0.2.17
#8 86.46    Compiling strsim v0.11.1
#8 86.62    Compiling risc0-circuit-keccak v4.0.6
#8 87.26    Compiling ident_case v1.0.1
#8 88.19    Compiling darling_core v0.24.1
#8 89.64    Compiling risc0-zkvm-platform v2.2.3
#8 93.51    Compiling rand_core v0.10.1
#8 93.57    Compiling allocator-api2 v0.2.21
#8 95.11    Compiling hashbrown v0.15.5
#8 95.55    Compiling risc0-core v3.0.2
#8 99.63    Compiling hex-literal v0.4.1
#8 99.91    Compiling ark-poly v0.5.0
#8 99.97    Compiling cobs v0.3.0
#8 100.4    Compiling crypto-common v0.2.2
#8 100.8    Compiling rand v0.9.5
#8 102.7    Compiling tracing-subscriber v0.2.25
#8 103.5    Compiling darling_macro v0.24.1
#8 104.1    Compiling darling v0.24.1
#8 104.3    Compiling spin v0.9.9
#8 104.6    Compiling zmij v1.0.23
#8 104.7    Compiling lazy_static v1.5.0
#8 105.0    Compiling serde_with_macros v3.24.0
#8 105.2    Compiling ark-relations v0.5.1
#8 105.2    Compiling ark-ec v0.5.0
#8 107.3    Compiling ruint v1.17.0
#8 108.9    Compiling postcard v1.1.3
#8 109.5    Compiling block-buffer v0.12.1
#8 110.1    Compiling derive_more v2.1.1
#8 110.5    Compiling semver v1.0.28
#8 110.8    Compiling elf v0.7.4
#8 110.8    Compiling keccak v0.1.6
#8 111.8    Compiling byteorder v1.5.0
#8 112.3    Compiling merlin v3.0.0
#8 112.5    Compiling ark-snark v0.5.1
#8 112.8    Compiling risc0-binfmt v3.0.5
#8 113.1    Compiling thiserror v1.0.69
#8 113.1    Compiling serde_json v1.0.151
#8 113.3    Compiling digest v0.11.3
#8 113.8    Compiling inout v0.2.2
#8 114.0    Compiling thiserror-impl v1.0.69
#8 114.2    Compiling keccak v0.2.2
#8 114.6    Compiling ark-crypto-primitives v0.5.0
#8 114.8    Compiling ark-bn254 v0.5.0
#8 114.8    Compiling include_bytes_aligned v0.1.4
#8 114.9    Compiling downcast-rs v1.2.1
#8 115.2    Compiling no_std_strings v0.1.3
#8 116.1    Compiling ark-groth16 v0.5.0
#8 117.4    Compiling bit-vec v0.8.0
#8 117.9    Compiling risc0-zkos-v1compat v2.2.3
#8 118.0    Compiling risc0-groth16 v3.0.5
#8 118.3    Compiling risc0-circuit-rv32im v4.0.5
#8 119.4    Compiling rrs-lib v0.1.0
#8 120.6    Compiling sha3 v0.11.0
#8 120.8    Compiling cipher v0.5.2
#8 123.0    Compiling kem v0.3.0
#8 123.5    Compiling module-lattice v0.2.3
#8 123.6    Compiling toml_datetime v0.6.11
#8 124.5    Compiling serde_spanned v0.6.9
#8 124.7    Compiling toml_write v0.1.2
#8 124.9    Compiling winnow v0.7.15
#8 125.3    Compiling cpufeatures v0.3.1
#8 125.4    Compiling ml-kem v0.3.2
#8 125.5    Compiling chacha20 v0.10.2
#8 128.2    Compiling serde_with v3.24.0
#8 129.9    Compiling bytesize v2.7.0
#8 131.6    Compiling toml_edit v0.22.27
#8 131.7    Compiling risc0-zkvm v3.0.5
#8 132.9    Compiling base58 v0.2.0
#8 133.6    Compiling itoa v1.0.18
#8 134.4    Compiling memchr v2.8.3
#8 137.8    Compiling lee_core v0.1.0 (https://github.com/logos-blockchain/logos-execution-zone.git?tag=v0.2.4#47eba256)
#8 138.8    Compiling toml v0.8.23
#8 146.6    Compiling spel-framework-core v0.6.0 (https://github.com/logos-co/spel.git?rev=1ef0500f8fc8ce3ddf95523726ae159db83f744f#1ef0500f)
#8 147.8    Compiling clock_core v0.1.0 (https://github.com/logos-blockchain/logos-execution-zone.git?tag=v0.2.4#47eba256)
#8 150.8    Compiling spel-framework-macros v0.6.0 (https://github.com/logos-co/spel.git?rev=1ef0500f8fc8ce3ddf95523726ae159db83f744f#1ef0500f)
#8 153.9    Compiling provenance_core v0.1.0 (/src/provenance_core)
#8 153.9    Compiling spel-framework v0.6.0 (https://github.com/logos-co/spel.git?rev=1ef0500f8fc8ce3ddf95523726ae159db83f744f#1ef0500f)
#8 156.0    Compiling provenance-guest v0.1.0 (/src/methods/guest)
#8 158.1     Finished `release` profile [optimized] target(s) in 2m 07s
#8 158.2 a1a0fdc88a0e06b82d2e36abc0f3b192fdf8be2914823a8784c5b291e1f56089  /guest-output/provenance.elf
#8 158.3 total 504
#8 158.3 drwxr-xr-x 2 root root   4096 Sep 28 23:07 .
#8 158.3 drwxr-xr-x 1 root root   4096 Sep 28 23:07 ..
#8 158.3 -rwxr-xr-x 1 root root 506164 Sep 28 23:07 provenance.elf
#8 DONE 158.6s

#9 [export 1/1] COPY --from=build /guest-output /
#9 CACHED

#10 exporting to client directory
#10 copying files 506.29kB 0.0s done
#10 DONE 0.0s
a1a0fdc88a0e06b82d2e36abc0f3b192fdf8be2914823a8784c5b291e1f56089  /home/user/provenance/artifacts/verify-image-only/provenance.elf
6bd3e46c59b50f4be28702811cf69ab0dd28db640425efc287ea0ecb8c2b887b  /home/user/provenance/artifacts/verify-image-only/provenance.bin
IMAGEID 7b4040d30bc2354f5cfddedaea1a8a088ae6876f375220884485ea7d2e7b0bd6
