#0 building with "default" instance using docker driver

#1 [internal] load build definition from experiment-cargo-home.Dockerfile
#1 transferring dockerfile: 3.13kB done
#1 DONE 0.0s

#2 [internal] load metadata for docker.io/risczero/risc0-guest-builder:r0.1.88.0-provseed-bundle1
#2 DONE 0.0s

#3 [internal] load .dockerignore
#3 transferring context: 2B done
#3 DONE 0.0s

#4 [build 1/4] FROM docker.io/risczero/risc0-guest-builder:r0.1.88.0-provseed-bundle1@sha256:b85469cd1801fe388ae13df8f579773e7e1821f07edf25486b716d28285a8aa5
#4 resolve docker.io/risczero/risc0-guest-builder:r0.1.88.0-provseed-bundle1@sha256:b85469cd1801fe388ae13df8f579773e7e1821f07edf25486b716d28285a8aa5 0.0s done
#4 DONE 0.0s

#5 [internal] load build context
#5 transferring context: 4.29kB done
#5 DONE 0.0s

#6 [build 2/4] WORKDIR /src
#6 CACHED

#7 [build 3/4] COPY . .
#7 CACHED

#8 [build 4/4] RUN <<'EOF' (set -eu...)
#8 0.084 ARM-CARGO-HOME /root/.carg1
#8 2.370 ARM-SEED 389M	/root/.carg1/git/db
#8 2.370 ARM-SEED 252M	/root/.carg1/registry
#8 5.132    Compiling proc-macro2 v1.0.107
#8 5.132    Compiling unicode-ident v1.0.26
#8 5.132    Compiling quote v1.0.47
#8 5.135    Compiling version_check v0.9.5
#8 5.139    Compiling paste v1.0.15
#8 5.139    Compiling autocfg v1.5.1
#8 5.145    Compiling zerocopy v0.8.59
#8 5.145    Compiling serde_core v1.0.229
#8 5.325    Compiling typenum v1.20.1
#8 5.539    Compiling once_cell v1.21.4
#8 5.779    Compiling serde v1.0.229
#8 5.839    Compiling generic-array v0.14.7
#8 5.968    Compiling equivalent v1.0.2
#8 6.022    Compiling cfg-if v1.0.5
#8 6.034    Compiling hashbrown v0.17.1
#8 6.082    Compiling winnow v1.0.4
#8 6.103    Compiling num-traits v0.2.19
#8 6.179    Compiling rustversion v1.0.23
#8 6.400    Compiling toml_datetime v1.1.1+spec-1.1.0
#8 6.618    Compiling cfg_aliases v0.2.2
#8 6.684    Compiling borsh v1.8.1
#8 7.304    Compiling indexmap v2.14.2
#8 7.511    Compiling syn v2.0.119
#8 7.524    Compiling syn v3.0.6
#8 7.674    Compiling ahash v0.8.12
#8 7.823    Compiling getrandom v0.4.3
#8 8.045    Compiling thiserror v2.0.21
#8 8.191    Compiling num-integer v0.1.47
#8 8.443    Compiling anyhow v1.0.104
#8 8.718    Compiling num-bigint v0.4.8
#8 8.782    Compiling toml_parser v1.1.3+spec-1.1.0
#8 8.800    Compiling crypto-common v0.1.7
#8 8.807    Compiling block-buffer v0.10.4
#8 8.845    Compiling const-oid v0.9.6
#8 9.107    Compiling risc0-zkp v3.0.5
#8 9.152    Compiling subtle v2.6.1
#8 9.353    Compiling digest v0.10.7
#8 9.726    Compiling toml_edit v0.25.15+spec-1.1.0
#8 12.77    Compiling proc-macro-crate v3.5.0
#8 12.85    Compiling unicode-xid v0.2.6
#8 13.00    Compiling rand_core v0.6.4
#8 13.26    Compiling ruint-macro v1.2.1
#8 13.33    Compiling hex v0.4.3
#8 14.12    Compiling syn v1.0.109
#8 14.36    Compiling tracing-core v0.1.36
#8 18.07    Compiling cmov v0.5.4
#8 18.69    Compiling pin-project-lite v0.2.17
#8 18.78    Compiling log v0.4.34
#8 19.66    Compiling ctutils v0.4.2
#8 20.98    Compiling arrayvec v0.7.8
#8 22.01    Compiling getrandom v0.3.4
#8 22.55    Compiling libm v0.2.16
#8 23.72    Compiling either v1.18.0
#8 24.51    Compiling tracing-attributes v0.1.31
#8 24.60    Compiling zeroize_derive v1.5.0
#8 25.12    Compiling ark-serialize-derive v0.5.0
#8 25.42    Compiling enum-ordinalize-derive v4.3.2
#8 25.76    Compiling ark-ff-macros v0.5.0
#8 25.89    Compiling num_enum_derive v0.7.6
#8 26.28    Compiling ark-ff-asm v0.5.0
#8 26.51    Compiling serde_derive v1.0.229
#8 26.64    Compiling enum-ordinalize v4.3.2
#8 26.71    Compiling educe v0.6.0
#8 30.07    Compiling bytemuck_derive v1.12.1
#8 30.91    Compiling borsh-derive v1.8.1
#8 30.99    Compiling stability v0.2.1
#8 31.79    Compiling thiserror-impl v2.0.21
#8 32.23    Compiling derive_more-impl v2.1.1
#8 32.84    Compiling ppv-lite86 v0.2.21
#8 35.71    Compiling rand_chacha v0.3.1
#8 36.74    Compiling rand v0.8.8
#8 36.98    Compiling derivative v2.2.0
#8 38.97    Compiling tracing v0.1.44
#8 39.62    Compiling ark-std v0.5.0
#8 40.14    Compiling zeroize v1.9.0
#8 40.74    Compiling ark-crypto-primitives-macros v0.5.0
#8 41.11    Compiling ark-serialize v0.5.0
#8 41.72    Compiling bytemuck v1.25.2
#8 42.17    Compiling itertools v0.13.0
#8 42.31    Compiling hybrid-array v0.4.15
#8 42.70    Compiling risc0-circuit-recursion v4.0.5
#8 42.98    Compiling cpufeatures v0.2.17
#8 43.06    Compiling libc v0.2.189
#8 43.74    Compiling rand_core v0.9.5
#8 43.93    Compiling sha2 v0.10.9
#8 44.38    Compiling num_enum v0.7.6
#8 44.55    Compiling blake2 v0.10.6
#8 45.63    Compiling getrandom v0.2.17
#8 45.90    Compiling strsim v0.11.1
#8 46.15    Compiling risc0-circuit-keccak v4.0.6
#8 46.37    Compiling ident_case v1.0.1
#8 46.58    Compiling darling_core v0.24.1
#8 48.29    Compiling risc0-zkvm-platform v2.2.3
#8 48.55    Compiling ark-ff v0.5.0
#8 49.64    Compiling rand_core v0.10.1
#8 49.98    Compiling allocator-api2 v0.2.21
#8 50.74    Compiling risc0-core v3.0.2
#8 51.07    Compiling hashbrown v0.15.5
#8 53.44    Compiling hex-literal v0.4.1
#8 53.81    Compiling crypto-common v0.2.2
#8 54.28    Compiling cobs v0.3.0
#8 55.44    Compiling rand v0.9.5
#8 57.22    Compiling tracing-subscriber v0.2.25
#8 58.85    Compiling zmij v1.0.23
#8 58.86    Compiling darling_macro v0.24.1
#8 59.27    Compiling spin v0.9.9
#8 59.47    Compiling lazy_static v1.5.0
#8 59.49    Compiling darling v0.24.1
#8 59.58    Compiling serde_with_macros v3.24.0
#8 59.59    Compiling ruint v1.17.0
#8 59.59    Compiling postcard v1.1.3
#8 60.33    Compiling ark-poly v0.5.0
#8 60.72    Compiling ark-relations v0.5.1
#8 61.61    Compiling block-buffer v0.12.1
#8 61.79    Compiling derive_more v2.1.1
#8 64.50    Compiling semver v1.0.28
#8 64.58    Compiling elf v0.7.4
#8 64.94    Compiling keccak v0.1.6
#8 65.37    Compiling ark-ec v0.5.0
#8 65.48    Compiling byteorder v1.5.0
#8 66.09    Compiling merlin v3.0.0
#8 66.23    Compiling risc0-binfmt v3.0.5
#8 66.51    Compiling ark-snark v0.5.1
#8 66.65    Compiling serde_json v1.0.151
#8 66.67    Compiling thiserror v1.0.69
#8 66.92    Compiling digest v0.11.3
#8 67.19    Compiling inout v0.2.2
#8 67.54    Compiling thiserror-impl v1.0.69
#8 67.75    Compiling keccak v0.2.2
#8 68.31    Compiling bit-vec v0.8.0
#8 69.22    Compiling include_bytes_aligned v0.1.4
#8 69.32    Compiling downcast-rs v1.2.1
#8 69.43    Compiling no_std_strings v0.1.3
#8 69.81    Compiling risc0-zkos-v1compat v2.2.3
#8 69.87    Compiling rrs-lib v0.1.0
#8 70.14    Compiling risc0-circuit-rv32im v4.0.5
#8 70.78    Compiling sha3 v0.11.0
#8 70.91    Compiling cipher v0.5.2
#8 71.02    Compiling ark-crypto-primitives v0.5.0
#8 71.58    Compiling ark-bn254 v0.5.0
#8 72.24    Compiling ark-groth16 v0.5.0
#8 73.29    Compiling kem v0.3.0
#8 73.42    Compiling module-lattice v0.2.3
#8 73.69    Compiling risc0-groth16 v3.0.5
#8 74.14    Compiling toml_datetime v0.6.11
#8 74.20    Compiling serde_spanned v0.6.9
#8 74.38    Compiling cpufeatures v0.3.1
#8 74.45    Compiling toml_write v0.1.2
#8 74.71    Compiling winnow v0.7.15
#8 74.82    Compiling chacha20 v0.10.2
#8 75.76    Compiling ml-kem v0.3.2
#8 79.27    Compiling risc0-zkvm v3.0.5
#8 82.41    Compiling serde_with v3.24.0
#8 84.11    Compiling bytesize v2.7.0
#8 86.58    Compiling toml_edit v0.22.27
#8 86.92    Compiling itoa v1.0.18
#8 87.56    Compiling base58 v0.2.0
#8 88.28    Compiling memchr v2.8.3
#8 91.01    Compiling lee_core v0.1.0 (https://github.com/logos-blockchain/logos-execution-zone.git?tag=v0.2.4#47eba256)
#8 102.2    Compiling toml v0.8.23
#8 103.9    Compiling spel-framework-core v0.6.0 (https://github.com/logos-co/spel.git?rev=1ef0500f8fc8ce3ddf95523726ae159db83f744f#1ef0500f)
#8 109.2    Compiling spel-framework-macros v0.6.0 (https://github.com/logos-co/spel.git?rev=1ef0500f8fc8ce3ddf95523726ae159db83f744f#1ef0500f)
#8 110.8    Compiling clock_core v0.1.0 (https://github.com/logos-blockchain/logos-execution-zone.git?tag=v0.2.4#47eba256)
#8 114.8    Compiling provenance_core v0.1.0 (/src/provenance_core)
#8 114.8    Compiling spel-framework v0.6.0 (https://github.com/logos-co/spel.git?rev=1ef0500f8fc8ce3ddf95523726ae159db83f744f#1ef0500f)
#8 116.1    Compiling provenance-guest v0.1.0 (/src/methods/guest)
#8 117.5     Finished `release` profile [optimized] target(s) in 1m 46s
#8 117.6 91e08ade94e13f95ac1b3a546317fbc3b743c26bc4f1298cc705bd97fad4e7ea  /guest-output/provenance.elf
#8 117.6 ARM-PATHSTRINGS 18
#8 DONE 118.1s

#9 [export 1/1] COPY --from=build /guest-output /
#9 DONE 0.0s

#10 exporting to client directory
#10 copying files 506.32kB done
#10 DONE 0.0s
