#0 building with "default" instance using docker driver

#1 [internal] load build definition from build-guest.Dockerfile
#1 transferring dockerfile: 5.74kB done
#1 DONE 0.0s

#2 [internal] load metadata for docker.io/risczero/risc0-guest-builder:r0.1.88.0
#2 DONE 0.0s

#3 [internal] load .dockerignore
#3 transferring context:
#3 transferring context: 2B done
#3 DONE 0.0s

#4 [build 1/4] FROM docker.io/risczero/risc0-guest-builder:r0.1.88.0@sha256:3e12f71bacd27527a61dea96fa0e53e468c99aa261d3a1019b593f6dbd943eb3
#4 resolve docker.io/risczero/risc0-guest-builder:r0.1.88.0@sha256:3e12f71bacd27527a61dea96fa0e53e468c99aa261d3a1019b593f6dbd943eb3 0.0s done
#4 DONE 0.0s

#5 [internal] load build context
#5 transferring context: 242.35MB 5.1s
#5 transferring context: 327.63MB 6.5s done
#5 DONE 6.6s

#6 [build 2/4] WORKDIR /src
#6 CACHED

#7 [build 3/4] COPY . .
#7 DONE 7.0s

#8 [build 4/4] RUN --mount=type=cache,id=prov-vendor-1790684630-cargo-git,sharing=locked,target=/root/.cargo/git     --mount=type=cache,id=prov-vendor-1790684630-cargo-registry,sharing=locked,target=/root/.cargo/registry     --mount=type=cache,id=prov-vendor-1790684630-target,sharing=locked,target=/src/target/prov-guest <<'EOF' (set -eu...)
#8 0.442 NO-GIT-SEED: relying on .cargo/config.toml source replacement
#8 0.662 VENDORED 369M	/src/vendor
#8 0.665 CACHES-STILL-CONSUMED-BY 8.0K	/root/.cargo/git
#8 0.665 CACHES-STILL-CONSUMED-BY 4.0K	/root/.cargo/registry
#8 0.666 ==> VENDORED BUILD: sources from /src/vendor, cargo network disabled
#8 0.667 ==> Building provenance guest
#8 3.815    Compiling proc-macro2 v1.0.107
#8 3.815    Compiling unicode-ident v1.0.26
#8 3.815    Compiling quote v1.0.47
#8 3.815    Compiling version_check v0.9.5
#8 3.818    Compiling paste v1.0.15
#8 3.823    Compiling autocfg v1.5.1
#8 3.824    Compiling serde_core v1.0.229
#8 3.825    Compiling zerocopy v0.8.59
#8 4.431    Compiling typenum v1.20.1
#8 5.089    Compiling once_cell v1.21.4
#8 5.123    Compiling hashbrown v0.17.1
#8 5.238    Compiling generic-array v0.14.7
#8 5.584    Compiling serde v1.0.229
#8 5.670    Compiling num-traits v0.2.19
#8 5.738    Compiling cfg-if v1.0.5
#8 5.868    Compiling equivalent v1.0.2
#8 5.949    Compiling winnow v1.0.4
#8 6.072    Compiling rustversion v1.0.23
#8 6.418    Compiling toml_datetime v1.1.1+spec-1.1.0
#8 6.548    Compiling cfg_aliases v0.2.2
#8 6.609    Compiling borsh v1.8.1
#8 9.641    Compiling indexmap v2.14.2
#8 9.805    Compiling syn v2.0.119
#8 9.988    Compiling syn v3.0.6
#8 10.86    Compiling ahash v0.8.12
#8 11.07    Compiling anyhow v1.0.104
#8 11.24    Compiling num-integer v0.1.47
#8 11.62    Compiling toml_parser v1.1.3+spec-1.1.0
#8 11.82    Compiling thiserror v2.0.21
#8 12.11    Compiling num-bigint v0.4.8
#8 12.18    Compiling getrandom v0.4.3
#8 12.31    Compiling crypto-common v0.1.7
#8 12.41    Compiling block-buffer v0.10.4
#8 12.59    Compiling subtle v2.6.1
#8 12.60    Compiling risc0-zkp v3.0.5
#8 12.60    Compiling const-oid v0.9.6
#8 12.93    Compiling toml_edit v0.25.15+spec-1.1.0
#8 12.96    Compiling digest v0.10.7
#8 17.34    Compiling proc-macro-crate v3.5.0
#8 18.07    Compiling unicode-xid v0.2.6
#8 18.15    Compiling ruint-macro v1.2.1
#8 18.35    Compiling rand_core v0.6.4
#8 18.92    Compiling hex v0.4.3
#8 19.79    Compiling syn v1.0.109
#8 19.82    Compiling tracing-core v0.1.36
#8 23.73    Compiling pin-project-lite v0.2.17
#8 23.98    Compiling log v0.4.34
#8 24.11    Compiling cmov v0.5.4
#8 25.01    Compiling ctutils v0.4.2
#8 26.54    Compiling either v1.18.0
#8 27.12    Compiling arrayvec v0.7.8
#8 27.77    Compiling ppv-lite86 v0.2.21
#8 27.90    Compiling getrandom v0.3.4
#8 28.61    Compiling libm v0.2.16
#8 28.73    Compiling serde_derive v1.0.229
#8 28.98    Compiling bytemuck_derive v1.12.1
#8 29.14    Compiling borsh-derive v1.8.1
#8 29.26    Compiling thiserror-impl v2.0.21
#8 29.79    Compiling zeroize_derive v1.5.0
#8 30.89    Compiling tracing-attributes v0.1.31
#8 31.38    Compiling enum-ordinalize-derive v4.3.2
#8 32.12    Compiling ark-serialize-derive v0.5.0
#8 32.54    Compiling ark-ff-macros v0.5.0
#8 32.82    Compiling ark-ff-asm v0.5.0
#8 32.93    Compiling num_enum_derive v0.7.6
#8 33.11    Compiling enum-ordinalize v4.3.2
#8 33.18    Compiling educe v0.6.0
#8 33.46    Compiling stability v0.2.1
#8 34.22    Compiling derive_more-impl v2.1.1
#8 34.97    Compiling rand_chacha v0.3.1
#8 35.53    Compiling rand v0.8.8
#8 35.69    Compiling tracing v0.1.44
#8 36.85    Compiling ark-std v0.5.0
#8 37.08    Compiling derivative v2.2.0
#8 37.17    Compiling zeroize v1.9.0
#8 37.75    Compiling ark-crypto-primitives-macros v0.5.0
#8 37.91    Compiling ark-serialize v0.5.0
#8 38.70    Compiling bytemuck v1.25.2
#8 39.01    Compiling itertools v0.13.0
#8 39.33    Compiling hybrid-array v0.4.15
#8 41.24    Compiling risc0-circuit-recursion v4.0.5
#8 41.25    Compiling cpufeatures v0.2.17
#8 41.30    Compiling rand_core v0.9.5
#8 41.45    Compiling libc v0.2.189
#8 41.52    Compiling sha2 v0.10.9
#8 44.79    Compiling num_enum v0.7.6
#8 45.05    Compiling blake2 v0.10.6
#8 46.57    Compiling getrandom v0.2.17
#8 46.57    Compiling ident_case v1.0.1
#8 46.59    Compiling risc0-circuit-keccak v4.0.6
#8 46.70    Compiling strsim v0.11.1
#8 47.37    Compiling ark-ff v0.5.0
#8 47.77    Compiling darling_core v0.24.1
#8 48.38    Compiling risc0-zkvm-platform v2.2.3
#8 49.72    Compiling allocator-api2 v0.2.21
#8 49.75    Compiling rand_core v0.10.1
#8 50.69    Compiling hashbrown v0.15.5
#8 50.93    Compiling risc0-core v3.0.2
#8 53.90    Compiling hex-literal v0.4.1
#8 54.08    Compiling cobs v0.3.0
#8 54.69    Compiling crypto-common v0.2.2
#8 55.90    Compiling rand v0.9.5
#8 57.99    Compiling tracing-subscriber v0.2.25
#8 59.45    Compiling darling_macro v0.24.1
#8 59.62    Compiling zmij v1.0.23
#8 59.98    Compiling spin v0.9.9
#8 60.02    Compiling darling v0.24.1
#8 60.16    Compiling lazy_static v1.5.0
#8 60.18    Compiling serde_with_macros v3.24.0
#8 60.30    Compiling ruint v1.17.0
#8 60.47    Compiling postcard v1.1.3
#8 62.33    Compiling block-buffer v0.12.1
#8 62.56    Compiling derive_more v2.1.1
#8 62.71    Compiling semver v1.0.28
#8 62.91    Compiling keccak v0.1.6
#8 63.05    Compiling elf v0.7.4
#8 63.43    Compiling ark-poly v0.5.0
#8 63.51    Compiling ark-relations v0.5.1
#8 63.67    Compiling byteorder v1.5.0
#8 64.53    Compiling merlin v3.0.0
#8 65.00    Compiling ark-snark v0.5.1
#8 65.08    Compiling thiserror v1.0.69
#8 65.10    Compiling serde_json v1.0.151
#8 65.26    Compiling risc0-binfmt v3.0.5
#8 65.41    Compiling digest v0.11.3
#8 65.64    Compiling ark-ec v0.5.0
#8 65.78    Compiling inout v0.2.2
#8 66.05    Compiling thiserror-impl v1.0.69
#8 66.16    Compiling keccak v0.2.2
#8 66.49    Compiling downcast-rs v1.2.1
#8 66.52    Compiling bit-vec v0.8.0
#8 66.64    Compiling include_bytes_aligned v0.1.4
#8 66.79    Compiling no_std_strings v0.1.3
#8 67.62    Compiling rrs-lib v0.1.0
#8 67.67    Compiling risc0-zkos-v1compat v2.2.3
#8 67.87    Compiling risc0-circuit-rv32im v4.0.5
#8 68.22    Compiling sha3 v0.11.0
#8 69.85    Compiling cipher v0.5.2
#8 70.87    Compiling kem v0.3.0
#8 71.28    Compiling module-lattice v0.2.3
#8 71.48    Compiling ark-crypto-primitives v0.5.0
#8 71.85    Compiling ark-bn254 v0.5.0
#8 72.07    Compiling toml_datetime v0.6.11
#8 72.54    Compiling serde_spanned v0.6.9
#8 72.79    Compiling ark-groth16 v0.5.0
#8 72.84    Compiling cpufeatures v0.3.1
#8 72.87    Compiling toml_write v0.1.2
#8 72.93    Compiling winnow v0.7.15
#8 73.57    Compiling chacha20 v0.10.2
#8 73.78    Compiling risc0-groth16 v3.0.5
#8 73.96    Compiling ml-kem v0.3.2
#8 80.16    Compiling risc0-zkvm v3.0.5
#8 80.30    Compiling serde_with v3.24.0
#8 81.17    Compiling toml_edit v0.22.27
#8 81.84    Compiling bytesize v2.7.0
#8 83.36    Compiling itoa v1.0.18
#8 83.84    Compiling memchr v2.8.3
#8 86.61    Compiling base58 v0.2.0
#8 86.92    Compiling toml v0.8.23
#8 87.27    Compiling lee_core v0.1.0 (https://github.com/logos-blockchain/logos-execution-zone.git?tag=v0.2.4#47eba256)
#8 93.90    Compiling spel-framework-core v0.6.0 (https://github.com/logos-co/spel.git?rev=1ef0500f8fc8ce3ddf95523726ae159db83f744f#1ef0500f)
#8 94.74    Compiling clock_core v0.1.0 (https://github.com/logos-blockchain/logos-execution-zone.git?tag=v0.2.4#47eba256)
#8 97.03    Compiling spel-framework-macros v0.6.0 (https://github.com/logos-co/spel.git?rev=1ef0500f8fc8ce3ddf95523726ae159db83f744f#1ef0500f)
#8 99.67    Compiling spel-framework v0.6.0 (https://github.com/logos-co/spel.git?rev=1ef0500f8fc8ce3ddf95523726ae159db83f744f#1ef0500f)
#8 99.67    Compiling provenance_core v0.1.0 (/src/provenance_core)
#8 101.9    Compiling provenance-guest v0.1.0 (/src/methods/guest)
#8 104.0     Finished `release` profile [optimized] target(s) in 1m 35s
#8 104.7 c06db72ed724a4fb5d17556d66aa307e7fb003c25046120f12be8cce838417db  /guest-output/provenance.elf
#8 104.7 total 504
#8 104.7 drwxr-xr-x 2 root root   4096 Sep 29 12:25 .
#8 104.7 drwxr-xr-x 1 root root   4096 Sep 29 12:25 ..
#8 104.7 -rwxr-xr-x 1 root root 504788 Sep 29 12:25 provenance.elf
#8 DONE 105.5s

#9 [export 1/1] COPY --from=build /guest-output /
#9 DONE 0.0s

#10 exporting to client directory
#10 copying files 504.92kB 0.1s done
#10 DONE 0.1s
c06db72ed724a4fb5d17556d66aa307e7fb003c25046120f12be8cce838417db  /home/user/provenance/artifacts/verify-vendor/provenance.elf
86df2c1dfb25e53949970f52ee1c1ef36a23732685d10ba0a72bbbd725df24a2  /home/user/provenance/artifacts/verify-vendor/provenance.bin
IMAGEID c9753252bba0ca577e0e580c6f4cdc965e7184e4a4a21600d5e877bc5958a52d
