#0 building with "default" instance using docker driver

#1 [internal] load build definition from build-guest.Dockerfile
#1 transferring dockerfile: 2.29kB done
#1 DONE 0.0s

#2 [internal] load metadata for docker.io/risczero/risc0-guest-builder:r0.1.88.0
#2 DONE 0.0s

#3 [internal] load .dockerignore
#3 transferring context: 2B done
#3 DONE 0.0s

#4 [internal] load build context
#4 DONE 0.0s

#5 [build 1/4] FROM docker.io/risczero/risc0-guest-builder:r0.1.88.0@sha256:3e12f71bacd27527a61dea96fa0e53e468c99aa261d3a1019b593f6dbd943eb3
#5 resolve docker.io/risczero/risc0-guest-builder:r0.1.88.0@sha256:3e12f71bacd27527a61dea96fa0e53e468c99aa261d3a1019b593f6dbd943eb3 0.0s done
#5 DONE 0.0s

#4 [internal] load build context
#4 transferring context: 26.92kB 0.1s done
#4 DONE 0.1s

#6 [build 2/4] WORKDIR /src
#6 CACHED

#7 [build 3/4] COPY . .
#7 DONE 6.4s

#8 [build 4/4] RUN --mount=type=cache,id=provenance-risc0-guest-b2-cargo-git,sharing=locked,target=/root/.cargo/git     --mount=type=cache,id=provenance-risc0-guest-b2-cargo-registry,sharing=locked,target=/root/.cargo/registry     --mount=type=cache,id=provenance-risc0-guest-b2-target,sharing=locked,target=/src/target/prov-guest <<'EOF' (set -eu...)
#8 0.749 ==> Building provenance guest
#8 5.377     Finished `release` profile [optimized] target(s) in 3.36s
#8 5.471 a1a0fdc88a0e06b82d2e36abc0f3b192fdf8be2914823a8784c5b291e1f56089  /guest-output/provenance.elf
#8 5.499 total 504
#8 5.499 drwxr-xr-x 2 root root   4096 Sep 28 21:28 .
#8 5.499 drwxr-xr-x 1 root root   4096 Sep 28 21:28 ..
#8 5.499 -rwxr-xr-x 1 root root 506164 Sep 28 21:28 provenance.elf
#8 DONE 5.6s

#9 [export 1/1] COPY --from=build /guest-output /
#9 CACHED

#10 exporting to client directory
#10 copying files 506.29kB 0.0s done
#10 DONE 0.0s
a1a0fdc88a0e06b82d2e36abc0f3b192fdf8be2914823a8784c5b291e1f56089  /home/user/provenance/artifacts/verify/provenance.elf
6bd3e46c59b50f4be28702811cf69ab0dd28db640425efc287ea0ecb8c2b887b  /home/user/provenance/artifacts/verify/provenance.bin
IMAGEID 7b4040d30bc2354f5cfddedaea1a8a088ae6876f375220884485ea7d2e7b0bd6
