#0 building with "default" instance using docker driver

#1 [internal] load build definition from builder-seeded.Dockerfile
#1 transferring dockerfile: 2.27kB done
#1 DONE 0.0s

#2 [internal] load metadata for docker.io/risczero/risc0-guest-builder:r0.1.88.0
#2 DONE 0.0s

#3 [internal] load .dockerignore
#3 transferring context: 2B done
#3 DONE 0.0s

#4 [1/3] FROM docker.io/risczero/risc0-guest-builder:r0.1.88.0@sha256:3e12f71bacd27527a61dea96fa0e53e468c99aa261d3a1019b593f6dbd943eb3
#4 resolve docker.io/risczero/risc0-guest-builder:r0.1.88.0@sha256:3e12f71bacd27527a61dea96fa0e53e468c99aa261d3a1019b593f6dbd943eb3 0.0s done
#4 DONE 0.0s

#5 [internal] load build context
#5 transferring context: 259.37kB 0.2s done
#5 DONE 0.3s

#6 [2/3] COPY gitdb/. /opt/prov-seed/gitdb/
#6 CACHED

#7 [3/3] COPY regcache/. /opt/prov-seed/regcache/
#7 CACHED

#8 exporting to image
#8 exporting layers done
#8 exporting manifest sha256:f4c7366ae3615200353767e9add1ea2ffc27714c119e0aa157046970edf7e6ec done
#8 exporting config sha256:e74f6393a8fc049ae91da6b73bf3dc3f2b3f33fef8c158a7bb1606103272c84d done
#8 exporting attestation manifest sha256:9d62c321e7cb89edd0e5bfe54663c4b15c25d3ed862ac2555c011164995b885f 0.0s done
#8 exporting manifest list sha256:d3a6c1948774a974be8ecc2800d822f579948c0b2a544f19c4dc89cc7bff0905 0.0s done
#8 naming to docker.io/library/provenance-builder-seeded:r0.1.88.0-provseed-bundle1 done
#8 unpacking to docker.io/library/provenance-builder-seeded:r0.1.88.0-provseed-bundle1 done
#8 DONE 0.1s
