#0 building with "default" instance using docker driver

#1 [internal] load build definition from build-provenance-guest.Dockerfile
#1 DONE 0.0s

#1 [internal] load build definition from build-provenance-guest.Dockerfile
#1 transferring dockerfile: 2.30kB 0.0s done
#1 DONE 0.0s

#2 [internal] load metadata for docker.io/risczero/risc0-guest-builder:r0.1.88.0
#2 DONE 0.0s

#3 [internal] load .dockerignore
#3 transferring context: 2B done
#3 DONE 0.0s

#4 [build 1/4] FROM docker.io/risczero/risc0-guest-builder:r0.1.88.0@sha256:3e12f71bacd27527a61dea96fa0e53e468c99aa261d3a1019b593f6dbd943eb3
#4 resolve docker.io/risczero/risc0-guest-builder:r0.1.88.0@sha256:3e12f71bacd27527a61dea96fa0e53e468c99aa261d3a1019b593f6dbd943eb3 0.0s done
#4 DONE 0.0s

#5 [internal] load build context
#5 transferring context: 23.39kB 0.0s done
#5 DONE 0.0s

#6 [build 3/4] COPY . .
#6 CACHED

#7 [build 4/4] RUN --mount=type=cache,id=provenance-risc0-guest-b2-cargo-git,sharing=locked,target=/root/.cargo/git     --mount=type=cache,id=provenance-risc0-guest-b2-cargo-registry,sharing=locked,target=/root/.cargo/registry     --mount=type=cache,id=provenance-risc0-guest-b2-target,sharing=locked,target=/src/target/prov-guest <<'EOF' (set -eu...)
#7 CACHED

#8 [build 2/4] WORKDIR /src
#8 CACHED

#9 [export 1/1] COPY --from=build /guest-output /
#9 CACHED

#10 exporting to client directory
#10 copying files 506.29kB 0.0s done
#10 DONE 0.0s
